Microchip MPLAB XC8 Compiler V2.36

Linker command line:

-W-3 --edf=C:\Program Files\Microchip\xc8\v2.36\pic\dat\en_msgs.txt -cn \
  -h+dist/default/production\LCD.X.production.sym \
  --cmf=dist/default/production\LCD.X.production.cmf -z -Q16F877A \
  -oC:\Users\INGENI~1\AppData\Local\Temp\xcAs7c8.4 --defsym=__MPLAB_BUILD=1 \
  -Mdist/default/production/LCD.X.production.map \
  --md=C:\Users\INGENI~1\AppData\Local\Temp\xcAs7c8.dat -E1 \
  -ver=XC8 Compiler --acfsm=1493 -ACODE=00h-07FFhx4 -ASTRCODE=00h-01FFFh \
  -ASTRING=00h-0FFhx32 -ACONST=00h-0FFhx32 -AENTRY=00h-0FFhx32 \
  -ACOMMON=070h-07Fh -ABANK0=020h-06Fh -ABANK1=0A0h-0EFh \
  -ABANK2=0110h-016Fh -ABANK3=0190h-01EFh \
  -ARAM=020h-06Fh,0A0h-0EFh,0110h-016Fh,0190h-01EFh \
  -AABS1=020h-07Fh,0A0h-0EFh,0110h-016Fh,0190h-01EFh -ASFR0=00h-01Fh \
  -ASFR1=080h-09Fh -ASFR2=0100h-010Fh -ASFR3=0180h-018Fh \
  -ACONFIG=02007h-02007h -DCONFIG=2 -AIDLOC=02000h-02003h -DIDLOC=2 \
  -AEEDATA=00h-0FFh/02100h -peeprom_data=EEDATA -DEEDATA=2 -DCODE=2 \
  -DSTRCODE=2 -DSTRING=2 -DCONST=2 -DENTRY=2 \
  -preset_vec=00h,intentry,init,end_init -ppowerup=CODE -pcinit=CODE \
  -pfunctab=ENTRY -k C:\Users\INGENI~1\AppData\Local\Temp\xcAs7c8.o \
  dist/default/production\LCD.X.production.o 

Object code version is 3.11

Machine type is 16F877A



                Name                               Link     Load   Length Selector   Space Scale
C:\Users\INGENI~1\AppData\Local\Temp\xcAs7c8.o
                end_init                              0        0        3        0       0
                config                             2007     2007        1        0       4
                idloc                              2000     2000        4        0       5
dist/default/production\LCD.X.production.o
                cinit                               7FC      7FC        4      FF8       0
                config                             2007     2007        1        0       4
                idloc                              2000     2000        4        0       5
                text9                               641      641       22      C82       0
                text8                               62B      62B       16      C56       0
                text7                               604      604        D      C08       0
                text6                               71C      71C       62      E38       0
                text5                               6CB      6CB       51      D96       0
                text4                               611      611        D      C22       0
                text3                               61E      61E        D      C3C       0
                text2                               688      688       43      D10       0
                text1                               663      663       25      CC6       0
                maintext                            77E      77E       7E      EFC       0
                cstackBANK0                          20       20        4       20       1
                cstackCOMMON                         70       70        D       70       1
                strings                               3        3       1F        6       0

TOTAL           Name                               Link     Load   Length     Space
        CLASS   CODE           
                end_init                              0        0        3         0
                cinit                               7FC      7FC        4         0
                text9                               641      641       22         0
                text8                               62B      62B       16         0
                text7                               604      604        D         0
                text6                               71C      71C       62         0
                text5                               6CB      6CB       51         0
                text4                               611      611        D         0
                text3                               61E      61E        D         0
                text2                               688      688       43         0
                text1                               663      663       25         0
                maintext                            77E      77E       7E         0

        CLASS   STRCODE        

        CLASS   STRING         
                strings                               3        3       1F         0

        CLASS   CONST          

        CLASS   ENTRY          

        CLASS   COMMON         
                cstackCOMMON                         70       70        D         1

        CLASS   BANK0          
                cstackBANK0                          20       20        4         1

        CLASS   BANK1          

        CLASS   BANK2          

        CLASS   BANK3          

        CLASS   RAM            

        CLASS   ABS1           
                abs_s1                               7E       7E        2         1

        CLASS   SFR0           

        CLASS   SFR1           

        CLASS   SFR2           

        CLASS   SFR3           

        CLASS   CONFIG         
                config                             2007     2007        1         4

        CLASS   IDLOC          
                idloc                              2000     2000        4         5

        CLASS   EEDATA         

        CLASS   STACK          



SEGMENTS        Name                           Load    Length   Top    Selector   Space  Class     Delta

                reset_vec                      000000  000003  000003         0       0  CODE        2
                strings                        000003  00001F  000022         6       0  STRING      2
                cstackBANK0                    000020  000004  000024        20       1  BANK0       1
                cstackCOMMON                   000070  00000D  00007D        70       1  COMMON      1
                text7                          000604  00000D  000611       C08       0  CODE        2
                text4                          000611  00000D  00061E       C22       0  CODE        2
                text3                          00061E  00000D  00062B       C3C       0  CODE        2
                text8                          00062B  000016  000641       C56       0  CODE        2
                text9                          000641  000022  000663       C82       0  CODE        2
                text1                          000663  000025  000688       CC6       0  CODE        2
                text2                          000688  000043  0006CB       D10       0  CODE        2
                text5                          0006CB  000051  00071C       D96       0  CODE        2
                text6                          00071C  000062  00077E       E38       0  CODE        2
                maintext                       00077E  00007E  0007FC       EFC       0  CODE        2
                cinit                          0007FC  000004  000800       FF8       0  CODE        2


UNUSED ADDRESS RANGES

        Name                Unused          Largest block    Delta
        BANK0            0024-006F             4C           1
        BANK1            00A0-00EF             50           1
        BANK2            0110-016F             60           1
        BANK3            0190-01EF             60           1
        CODE             0022-0603            5E2           2
                         0800-1FFF            800
        COMMON           007D-007D              1           1
        CONST            0022-0603            100           2
                         0800-1FFF            100
        EEDATA           2100-21FF            100           2
        ENTRY            0022-0603            100           2
                         0800-1FFF            100
        RAM              0024-006F             4C           1
                         00A0-00EF             50
                         0110-016F             60
                         0190-01EF             60
        SFR0             0000-001F             20           1
        SFR1             0080-009F             20           1
        SFR2             0100-010F             10           1
        SFR3             0180-018F             10           1
        STRCODE          0022-0603            5E2           2
                         0800-1FFF           1800
        STRING           0022-0603            100           2
                         0800-1FFF            100

                                  Symbol Table

LCD_CMD@CMD               cstackCOMMON 0072
LCD_DATA@Data             cstackCOMMON 0070
LCD_SET_CORSER@c          cstackCOMMON 0073
LCD_SET_CORSER@high4      cstackCOMMON 0078
LCD_SET_CORSER@low4       cstackCOMMON 0077
LCD_SET_CORSER@r          cstackCOMMON 0076
LCD_SET_CORSER@temp       cstackCOMMON 0079
LCD_WRITE_CHAR@data       cstackCOMMON 0074
LCD_WRITE_CHAR@high4      cstackCOMMON 0073
LCD_WRITE_CHAR@low4       cstackCOMMON 0072
LCD_WRITE_STRING@i        cstackCOMMON 0075
LCD_WRITE_STRING@str      cstackCOMMON 0077
_LCD_CLEAR                text7        0604
_LCD_CMD                  text8        062B
_LCD_DATA                 text9        0641
_LCD_INIT                 text6        071C
_LCD_SET_CORSER           text5        06CB
_LCD_SL                   text4        0611
_LCD_SR                   text3        061E
_LCD_WRITE_CHAR           text2        0688
_LCD_WRITE_STRING         text1        0663
_RB0                      (abs)        0030
_RB1                      (abs)        0031
_RB2                      (abs)        0032
_RB3                      (abs)        0033
_RB4                      (abs)        0034
_RB5                      (abs)        0035
_TRISB                    (abs)        0086
_TRISB4                   (abs)        0434
_TRISB5                   (abs)        0435
__Habs1                   abs1         0000
__Hbank0                  bank0        0000
__Hbank1                  bank1        0000
__Hbank2                  bank2        0000
__Hbank3                  bank3        0000
__Hcinit                  cinit        0800
__Hclrtext                clrtext      0000
__Hcode                   code         0000
__Hcommon                 common       0000
__Hconfig                 config       2008
__HcstackBANK0            cstackBANK0  0000
__HcstackCOMMON           cstackCOMMON 0000
__Heeprom_data            eeprom_data  0000
__Hend_init               end_init     0003
__Hfunctab                functab      0000
__Hidloc                  idloc        2004
__Hinit                   init         0000
__Hintentry               intentry     0000
__Hmaintext               maintext     0000
__Hpowerup                powerup      0000
__Hram                    ram          0000
__Hreset_vec              reset_vec    0000
__Hsfr0                   sfr0         0000
__Hsfr1                   sfr1         0000
__Hsfr2                   sfr2         0000
__Hsfr3                   sfr3         0000
__Hspace_0                (abs)        0800
__Hspace_1                (abs)        007D
__Hspace_2                (abs)        0000
__Hspace_3                (abs)        0000
__Hspace_4                (abs)        400F
__Hstack                  stack        0000
__Hstrings                strings      0000
__Htext                   text         0000
__Labs1                   abs1         0000
__Lbank0                  bank0        0000
__Lbank1                  bank1        0000
__Lbank2                  bank2        0000
__Lbank3                  bank3        0000
__Lcinit                  cinit        07FC
__Lclrtext                clrtext      0000
__Lcode                   code         0000
__Lcommon                 common       0000
__Lconfig                 config       0000
__LcstackBANK0            cstackBANK0  0000
__LcstackCOMMON           cstackCOMMON 0000
__Leeprom_data            eeprom_data  0000
__Lend_init               end_init     0000
__Lfunctab                functab      0000
__Lidloc                  idloc        0000
__Linit                   init         0000
__Lintentry               intentry     0000
__Lmaintext               maintext     0000
__Lpowerup                powerup      0000
__Lram                    ram          0000
__Lreset_vec              reset_vec    0000
__Lsfr0                   sfr0         0000
__Lsfr1                   sfr1         0000
__Lsfr2                   sfr2         0000
__Lsfr3                   sfr3         0000
__Lspace_0                (abs)        0000
__Lspace_1                (abs)        0000
__Lspace_2                (abs)        0000
__Lspace_3                (abs)        0000
__Lspace_4                (abs)        0000
__Lstack                  stack        0000
__Lstrings                strings      0000
__Ltext                   text         0000
__S0                      (abs)        0800
__S1                      (abs)        007D
__S3                      (abs)        0000
___int_sp                 stack        0000
___latbits                (abs)        0002
___sp                     stack        0000
___stackhi                (abs)        0000
___stacklo                (abs)        0000
__end_of_LCD_CLEAR        text7        0611
__end_of_LCD_CMD          text8        0641
__end_of_LCD_DATA         text9        0663
__end_of_LCD_INIT         text6        077E
__end_of_LCD_SET_CORSER   text5        071C
__end_of_LCD_SL           text4        061E
__end_of_LCD_SR           text3        062B
__end_of_LCD_WRITE_CHAR   text2        06CB
__end_of_LCD_WRITE_STRING text1        0688
__end_of__initialization  cinit        07FC
__end_of__stringtab       strings      0009
__end_of_main             maintext     07FC
__initialization          cinit        07FC
__pcstackBANK0            cstackBANK0  0020
__pcstackCOMMON           cstackCOMMON 0070
__pmaintext               maintext     077E
__pstrings                strings      0003
__ptext1                  text1        0663
__ptext2                  text2        0688
__ptext3                  text3        061E
__ptext4                  text4        0611
__ptext5                  text5        06CB
__ptext6                  text6        071C
__ptext7                  text7        0604
__ptext8                  text8        062B
__ptext9                  text9        0641
__stringbase              strings      0008
__stringtab               strings      0003
_main                     maintext     077E
btemp                     (abs)        007E
end_of_initialization     cinit        07FC
intlevel0                 functab      0000
intlevel1                 functab      0000
intlevel2                 functab      0000
intlevel3                 functab      0000
intlevel4                 functab      0000
intlevel5                 functab      0000
main@i                    cstackBANK0  0020
main@i_63                 cstackBANK0  0022
reset_vec                 reset_vec    0000
start                     init         0000
start_initialization      cinit        07FC
wtemp0                    (abs)        007E


MODULE INFORMATION

Module		Function		Class		Link	Load	Size
shared
		__stringtab    		STRING         	0003	0000	6
		__initialization		CODE           	07FC	0000	1

shared estimated size: 7

main.c
		_main          		CODE           	077E	0000	126

main.c estimated size: 126

LCD.c
		_LCD_WRITE_CHAR		CODE           	0688	0000	67
		_LCD_INIT      		CODE           	071C	0000	98
		_LCD_CMD       		CODE           	062B	0000	22
		_LCD_DATA      		CODE           	0641	0000	34
		_LCD_SET_CORSER		CODE           	06CB	0000	81
		_LCD_CLEAR     		CODE           	0604	0000	13
		_LCD_WRITE_STRING		CODE           	0663	0000	37
		_LCD_SL        		CODE           	0611	0000	13
		_LCD_SR        		CODE           	061E	0000	13

LCD.c estimated size: 378

