Microchip MPLAB XC8 Compiler V2.36

Linker command line:

-W-3 --edf=C:\Program Files\Microchip\xc8\v2.36\pic\dat\en_msgs.txt -cn \
  -h+dist/default/production\MASTER.X.production.sym \
  --cmf=dist/default/production\MASTER.X.production.cmf -z -Q16F877A \
  -oC:\Users\INGENI~1\AppData\Local\Temp\xcAs7ko.4 --defsym=__MPLAB_BUILD=1 \
  -Mdist/default/production/MASTER.X.production.map \
  --md=C:\Users\INGENI~1\AppData\Local\Temp\xcAs7ko.dat -E1 \
  -ver=XC8 Compiler --acfsm=1493 -ACODE=00h-07FFhx4 -ASTRCODE=00h-01FFFh \
  -ASTRING=00h-0FFhx32 -ACONST=00h-0FFhx32 -AENTRY=00h-0FFhx32 \
  -ACOMMON=070h-07Fh -ABANK0=020h-06Fh -ABANK1=0A0h-0EFh \
  -ABANK2=0110h-016Fh -ABANK3=0190h-01EFh \
  -ARAM=020h-06Fh,0A0h-0EFh,0110h-016Fh,0190h-01EFh \
  -AABS1=020h-07Fh,0A0h-0EFh,0110h-016Fh,0190h-01EFh -ASFR0=00h-01Fh \
  -ASFR1=080h-09Fh -ASFR2=0100h-010Fh -ASFR3=0180h-018Fh \
  -ACONFIG=02007h-02007h -DCONFIG=2 -AIDLOC=02000h-02003h -DIDLOC=2 \
  -AEEDATA=00h-0FFh/02100h -peeprom_data=EEDATA -DEEDATA=2 -DCODE=2 \
  -DSTRCODE=2 -DSTRING=2 -DCONST=2 -DENTRY=2 \
  -preset_vec=00h,intentry,init,end_init -ppowerup=CODE -pcinit=CODE \
  -pfunctab=ENTRY -k C:\Users\INGENI~1\AppData\Local\Temp\xcAs7ko.o \
  dist/default/production\MASTER.X.production.o 

Object code version is 3.11

Machine type is 16F877A



                Name                               Link     Load   Length Selector   Space Scale
C:\Users\INGENI~1\AppData\Local\Temp\xcAs7ko.o
                end_init                              0        0        3        0       0
                config                             2007     2007        1        0       4
                idloc                              2000     2000        4        0       5
dist/default/production\MASTER.X.production.o
                cinit                               7FC      7FC        4      FF8       0
                config                             2007     2007        1        0       4
                idloc                              2000     2000        4        0       5
                text5                               794      794        D      F28       0
                text4                               7A1      7A1        D      F42       0
                text3                               7AE      7AE       10      F5C       0
                text2                               782      782        9      F04       0
                text1                               78B      78B        9      F16       0
                maintext                            7BE      7BE       3E      F7C       0
                cstackCOMMON                         70       70        5       70       1

TOTAL           Name                               Link     Load   Length     Space
        CLASS   CODE           
                end_init                              0        0        3         0
                cinit                               7FC      7FC        4         0
                text5                               794      794        D         0
                text4                               7A1      7A1        D         0
                text3                               7AE      7AE       10         0
                text2                               782      782        9         0
                text1                               78B      78B        9         0
                maintext                            7BE      7BE       3E         0

        CLASS   STRCODE        

        CLASS   STRING         

        CLASS   CONST          

        CLASS   ENTRY          

        CLASS   COMMON         
                cstackCOMMON                         70       70        5         1

        CLASS   BANK0          

        CLASS   BANK1          

        CLASS   BANK2          

        CLASS   BANK3          

        CLASS   RAM            

        CLASS   ABS1           
                abs_s1                               7E       7E        2         1

        CLASS   SFR0           

        CLASS   SFR1           

        CLASS   SFR2           

        CLASS   SFR3           

        CLASS   CONFIG         
                config                             2007     2007        1         4

        CLASS   IDLOC          
                idloc                              2000     2000        4         5

        CLASS   EEDATA         

        CLASS   STACK          



SEGMENTS        Name                           Load    Length   Top    Selector   Space  Class     Delta

                reset_vec                      000000  000003  000003         0       0  CODE        2
                cstackCOMMON                   000070  000005  000075        70       1  COMMON      1
                text2                          000782  000009  00078B       F04       0  CODE        2
                text1                          00078B  000009  000794       F16       0  CODE        2
                text5                          000794  00000D  0007A1       F28       0  CODE        2
                text4                          0007A1  00000D  0007AE       F42       0  CODE        2
                text3                          0007AE  000010  0007BE       F5C       0  CODE        2
                maintext                       0007BE  00003E  0007FC       F7C       0  CODE        2
                cinit                          0007FC  000004  000800       FF8       0  CODE        2


UNUSED ADDRESS RANGES

        Name                Unused          Largest block    Delta
        BANK0            0020-006F             50           1
        BANK1            00A0-00EF             50           1
        BANK2            0110-016F             60           1
        BANK3            0190-01EF             60           1
        CODE             0003-0781            77F           2
                         0800-1FFF            800
        COMMON           0075-007D              9           1
        CONST            0003-0781            100           2
                         0800-1FFF            100
        EEDATA           2100-21FF            100           2
        ENTRY            0003-0781            100           2
                         0800-1FFF            100
        RAM              0020-006F             50           1
                         00A0-00EF             50
                         0110-016F             60
                         0190-01EF             60
        SFR0             0000-001F             20           1
        SFR1             0080-009F             20           1
        SFR2             0100-010F             10           1
        SFR3             0180-018F             10           1
        STRCODE          0003-0781            77F           2
                         0800-1FFF           1800
        STRING           0003-0781            100           2
                         0800-1FFF            100

                                  Symbol Table

I2C_WRITE@Data           cstackCOMMON 0070
_ACKDT                   (abs)        048D
_ACKEN                   (abs)        048C
_ACKSTAT                 (abs)        048E
_I2C_MASTER_INIT         text5        0794
_I2C_WAIT                text4        07A1
_I2C_WRITE               text3        07AE
_I2C_start               text2        0782
_I2C_stop                text1        078B
_PEN                     (abs)        048A
_PORTD                   (abs)        0008
_RCEN                    (abs)        048B
_RD3                     (abs)        0043
_RSEN                    (abs)        0489
_SEN                     (abs)        0488
_SSPADD                  (abs)        0093
_SSPBUF                  (abs)        0013
_SSPCON                  (abs)        0014
_SSPCON2                 (abs)        0091
_SSPIF                   (abs)        0063
_SSPSTAT                 (abs)        0094
_TRISB                   (abs)        0086
_TRISC3                  (abs)        043B
_TRISC4                  (abs)        043C
_TRISD                   (abs)        0088
__Habs1                  abs1         0000
__Hbank0                 bank0        0000
__Hbank1                 bank1        0000
__Hbank2                 bank2        0000
__Hbank3                 bank3        0000
__Hcinit                 cinit        0800
__Hclrtext               clrtext      0000
__Hcode                  code         0000
__Hcommon                common       0000
__Hconfig                config       2008
__HcstackCOMMON          cstackCOMMON 0000
__Heeprom_data           eeprom_data  0000
__Hend_init              end_init     0003
__Hfunctab               functab      0000
__Hidloc                 idloc        2004
__Hinit                  init         0000
__Hintentry              intentry     0000
__Hmaintext              maintext     0000
__Hpowerup               powerup      0000
__Hram                   ram          0000
__Hreset_vec             reset_vec    0000
__Hsfr0                  sfr0         0000
__Hsfr1                  sfr1         0000
__Hsfr2                  sfr2         0000
__Hsfr3                  sfr3         0000
__Hspace_0               (abs)        0800
__Hspace_1               (abs)        0075
__Hspace_2               (abs)        0000
__Hspace_3               (abs)        0000
__Hspace_4               (abs)        400F
__Hstack                 stack        0000
__Hstrings               strings      0000
__Htext                  text         0000
__Labs1                  abs1         0000
__Lbank0                 bank0        0000
__Lbank1                 bank1        0000
__Lbank2                 bank2        0000
__Lbank3                 bank3        0000
__Lcinit                 cinit        07FC
__Lclrtext               clrtext      0000
__Lcode                  code         0000
__Lcommon                common       0000
__Lconfig                config       0000
__LcstackCOMMON          cstackCOMMON 0000
__Leeprom_data           eeprom_data  0000
__Lend_init              end_init     0000
__Lfunctab               functab      0000
__Lidloc                 idloc        0000
__Linit                  init         0000
__Lintentry              intentry     0000
__Lmaintext              maintext     0000
__Lpowerup               powerup      0000
__Lram                   ram          0000
__Lreset_vec             reset_vec    0000
__Lsfr0                  sfr0         0000
__Lsfr1                  sfr1         0000
__Lsfr2                  sfr2         0000
__Lsfr3                  sfr3         0000
__Lspace_0               (abs)        0000
__Lspace_1               (abs)        0000
__Lspace_2               (abs)        0000
__Lspace_3               (abs)        0000
__Lspace_4               (abs)        0000
__Lstack                 stack        0000
__Lstrings               strings      0000
__Ltext                  text         0000
__S0                     (abs)        0800
__S1                     (abs)        0075
__S3                     (abs)        0000
___int_sp                stack        0000
___latbits               (abs)        0002
___sp                    stack        0000
___stackhi               (abs)        0000
___stacklo               (abs)        0000
__end_of_I2C_MASTER_INIT text5        07A1
__end_of_I2C_WAIT        text4        07AE
__end_of_I2C_WRITE       text3        07BE
__end_of_I2C_start       text2        078B
__end_of_I2C_stop        text1        0794
__end_of__initialization cinit        07FC
__end_of_main            maintext     07FC
__initialization         cinit        07FC
__pcstackCOMMON          cstackCOMMON 0070
__pmaintext              maintext     07BE
__ptext1                 text1        078B
__ptext2                 text2        0782
__ptext3                 text3        07AE
__ptext4                 text4        07A1
__ptext5                 text5        0794
_main                    maintext     07BE
btemp                    (abs)        007E
end_of_initialization    cinit        07FC
intlevel0                functab      0000
intlevel1                functab      0000
intlevel2                functab      0000
intlevel3                functab      0000
intlevel4                functab      0000
intlevel5                functab      0000
main@i                   cstackCOMMON 0074
reset_vec                reset_vec    0000
start                    init         0000
start_initialization     cinit        07FC
wtemp0                   (abs)        007E


MODULE INFORMATION

Module		Function		Class		Link	Load	Size
D:/courses/PIC/17-I2C/MASTER.X/main.c
		_main          		CODE           	07BE	0000	62

D:/courses/PIC/17-I2C/MASTER.X/main.c estimated size: 62

D:/courses/PIC/17-I2C/MASTER.X/I2C.c
		_I2C_stop      		CODE           	078B	0000	9
		_I2C_MASTER_INIT		CODE           	0794	0000	13
		_I2C_WRITE     		CODE           	07AE	0000	16
		_I2C_start     		CODE           	0782	0000	9
		_I2C_WAIT      		CODE           	07A1	0000	13

D:/courses/PIC/17-I2C/MASTER.X/I2C.c estimated size: 60

shared
		__initialization		CODE           	07FC	0000	1

shared estimated size: 1

